// Jest Snapshot v1, https://goo.gl/fbAQLP

exports[`GameBoard should render the GameBoard Component correctly 1`] = `
<Fragment>
  <div
    className="header"
  >
    <h1
      id="title"
    >
      Lights Out
    </h1>
    <div
      className="sub-header"
    >
      <button
        onClick={[Function]}
      >
        Restart
      </button>
      <p
        id="timer"
      >
        Timer:
      </p>
    </div>
  </div>
  <div
    className="game-container"
  >
    <table>
      <thead>
        <tr>
          <td
            onClick={[Function]}
          />
          <td
            onClick={[Function]}
          />
          <td
            onClick={[Function]}
          />
          <td
            onClick={[Function]}
          />
          <td
            onClick={[Function]}
          />
        </tr>
      </thead>
    </table>
    <table>
      <thead>
        <tr>
          <td
            onClick={[Function]}
          />
          <td
            onClick={[Function]}
          />
          <td
            onClick={[Function]}
          />
          <td
            onClick={[Function]}
          />
          <td
            onClick={[Function]}
          />
        </tr>
      </thead>
    </table>
    <table>
      <thead>
        <tr>
          <td
            onClick={[Function]}
          />
          <td
            onClick={[Function]}
          />
          <td
            onClick={[Function]}
          />
          <td
            onClick={[Function]}
          />
          <td
            onClick={[Function]}
          />
        </tr>
      </thead>
    </table>
    <table>
      <thead>
        <tr>
          <td
            onClick={[Function]}
          />
          <td
            onClick={[Function]}
          />
          <td
            onClick={[Function]}
          />
          <td
            onClick={[Function]}
          />
          <td
            onClick={[Function]}
          />
        </tr>
      </thead>
    </table>
    <table>
      <thead>
        <tr>
          <td
            onClick={[Function]}
          />
          <td
            onClick={[Function]}
          />
          <td
            onClick={[Function]}
          />
          <td
            onClick={[Function]}
          />
          <td
            onClick={[Function]}
          />
        </tr>
      </thead>
    </table>
  </div>
</Fragment>
`;

exports[`GameBoard toggles class active on click 1`] = `
<td
  onClick={[Function]}
/>
`;
